[1/2] 获取 token (username=F11795450)...
  → mineName: 窑街煤电天宝煤业
[2/2] 从文件加载: data\output\data_8373_窑街煤电天宝煤业.json
  → 文件 devices: 515 个
  ! 跳过 tunnels[3]: name 为空
  ! 跳过 tunnels[5]: name 为空
  ! 跳过 tunnels[6]: name 为空
  ! 跳过 tunnels[8]: name 为空
  ! 跳过 tunnels[10]: name 为空
  ! 跳过 tunnels[13]: name 为空
  ! 跳过 tunnels[14]: name 为空
  ! 跳过 tunnels[16]: name 为空
  ! 跳过 tunnels[17]: name 为空
  ! 跳过 tunnels[21]: name 为空
  ! 跳过 tunnels[26]: name 为空
  ! 跳过 tunnels[27]: name 为空
  ! 跳过 tunnels[28]: name 为空
  → 跳过 13 个无效巷道
  → 文件候选: 30 个
  → 设备: 515 个, 候选名: 30 个

============================================================
  匹配汇总报告
============================================================

【概况】
  总计: 515  匹配: 106 ✓  未匹配: 409
  置信度: 高=0  中=102  低=4
  类型: B14=59  B15=7  B16=40
  Sensor: 工业视频=40  一氧化碳=13  瓦斯=10  开停=8  烟雾=8  人数=7  温度=5  风筒=4
  未匹配原因: AREA_SURFACE=340  LOW_LCS=32  SEMANTIC_CONFLICT=20  CODE_MISMATCH=17

【巷道设备密度 (Top 15)】
    中央回风大巷: 25 台
    中央胶带大巷: 16 台
    中央辅运大巷: 14 台
    辅运联络巷: 10 台
    副斜井: 9 台
    永久避难硐室: 6 台
    主斜井: 5 台
    1105回风巷: 4 台
    大巷联络巷: 4 台
    单轨吊充电检修硐室: 3 台
    回风斜井: 2 台
    主斜井机尾联络巷: 2 台
    1105工作面: 2 台
    主排水泵房: 2 台
    1105胶带顺槽: 1 台

【置信度样本 (Top 3 每级)】
  高:
    (无)
    (无)
    (无)
  中:
    YJMDTBMY10121N5128 → 单轨吊充电检修硐室  score=13  92.5%  天宝公司-单轨吊充电检修硐室回风流T2处
    YJMDTBMY10120122 → 中央回风大巷  score=12  85.0%  中央回风大巷掘进工作面CH4  (T2)_激光甲烷
    YJMDTBMY10121N6100 → 中央回风大巷  score=12  85.1%  天宝公司-中央回风大巷掘进工作面T2处
  低:
    YJMDTBMY1012077 → 永久避难硐室  score=4  3.2%  机头硐室 皮带机头烟雾
    YJMDTBMY10121N5192 → 1105胶带顺槽  score=4  0.4%  天宝公司-胶带石门皮带搭接处
    YJMDTBMY10140022007 → 1105工作面  score=4  0.0%  机头硐室工作面22-7_人数

【未匹配设备 (409 台)】
  YJMDTBMY10120011F00: 主斜井井口130分站
    → 原因: CODE_MISMATCH 最佳候选: 主斜井 (score=-20)
  YJMDTBMY10120012F00: 副斜井井口130分站
    → 原因: CODE_MISMATCH 最佳候选: 副斜井 (score=-20)
  YJMDTBMY10120014F00: 副斜井井底车场130分站
    → 原因: CODE_MISMATCH 最佳候选: 副斜井 (score=-10)
  YJMDTBMY10120015F00: 主扇通风机房130分站
    → 原因: AREA_SURFACE
  YJMDTBMY10120016F00: 胶带石门130分站
    → 原因: CODE_MISMATCH 最佳候选: 中央胶带大巷 (score=-17)
  YJMDTBMY10120017F00: 轨道石门130分站
    → 原因: CODE_MISMATCH 最佳候选: 管子道 (score=-17)
  YJMDTBMY10120107: 主井口风速
    → 原因: SEMANTIC_CONFLICT 最佳候选: 主水仓 (score=-7)
  YJMDTBMY10120185: 副井口风速
    → 原因: SEMANTIC_CONFLICT 最佳候选: 主斜井 (score=-7)
  YJMDTBMY10120202F00: 集控楼三楼1#130分站
    → 原因: CODE_MISMATCH 最佳候选: 1105进风巷 (score=-19)
  YJMDTBMY10120203F00: 集控楼三楼2#130分站
    → 原因: CODE_MISMATCH 最佳候选: 1105进风巷 (score=-19)
    ...及其他 399 台

【Sensor Type 匹配率】
  工业视频: 40/371 = 10.8%
  一氧化碳: 13/23 = 56.5%
  瓦斯: 10/20 = 50.0%
  烟雾: 8/18 = 44.4%
  人数: 7/17 = 41.2%
  馈电: 3/14 = 21.4%
  断电: 3/14 = 21.4%
  开停: 8/11 = 72.7%
  分站: 0/8 = 0.0%
  温度: 5/5 = 100.0%
  风筒: 4/4 = 100.0%
  风速: 1/3 = 33.3%
  粉尘: 3/3 = 100.0%
  负压: 0/2 = 0.0%
  湿度: 1/1 = 100.0%
  比率: 0/1 = 0.0%

【空间分布】
  沿线百分比: 0-20%=75  20-40%=3  40-60%=3  60-80%=0  80-100%=25
  坐标范围: X=[32549439.98, 32552250.98]  Y=[4619824.11, 4622026.16]  Z=[1631.8, 1934.1]

============================================================
  审查摘要
============================================================
  ⚠ 高风险匹配: 0 (短名称依赖=0, 编码不一致=0, 语义冲突被绕过=0)
  ℹ 中风险匹配: 0 (功能词漂移=0)
  (无风险项)

结果已保存: F:\gis\Point\data\output\locator_result_F11795450_窑街煤电天宝煤业.json

============================================================
  匹配汇总报告
============================================================

【概况】
  总计: 515  匹配: 106 ✓  未匹配: 409
  置信度: 高=0  中=102  低=4
  类型: B14=59  B15=7  B16=40
  Sensor: 工业视频=40  一氧化碳=13  瓦斯=10  开停=8  烟雾=8  人数=7  温度=5  风筒=4
  未匹配原因: AREA_SURFACE=340  LOW_LCS=32  SEMANTIC_CONFLICT=20  CODE_MISMATCH=17

【巷道设备密度 (Top 15)】
    中央回风大巷: 25 台
    中央胶带大巷: 16 台
    中央辅运大巷: 14 台
    辅运联络巷: 10 台
    副斜井: 9 台
    永久避难硐室: 6 台
    主斜井: 5 台
    1105回风巷: 4 台
    大巷联络巷: 4 台
    单轨吊充电检修硐室: 3 台
    回风斜井: 2 台
    主斜井机尾联络巷: 2 台
    1105工作面: 2 台
    主排水泵房: 2 台
    1105胶带顺槽: 1 台

【置信度样本 (Top 3 每级)】
  高:
    (无)
    (无)
    (无)
  中:
    YJMDTBMY10121N5128 → 单轨吊充电检修硐室  score=13  92.5%  天宝公司-单轨吊充电检修硐室回风流T2处
    YJMDTBMY10120122 → 中央回风大巷  score=12  85.0%  中央回风大巷掘进工作面CH4  (T2)_激光甲烷
    YJMDTBMY10121N6100 → 中央回风大巷  score=12  85.1%  天宝公司-中央回风大巷掘进工作面T2处
  低:
    YJMDTBMY1012077 → 永久避难硐室  score=4  3.2%  机头硐室 皮带机头烟雾
    YJMDTBMY10121N5192 → 1105胶带顺槽  score=4  0.4%  天宝公司-胶带石门皮带搭接处
    YJMDTBMY10140022007 → 1105工作面  score=4  0.0%  机头硐室工作面22-7_人数

【未匹配设备 (409 台)】
  YJMDTBMY10120011F00: 主斜井井口130分站
    → 原因: CODE_MISMATCH 最佳候选: 主斜井 (score=-20)
  YJMDTBMY10120012F00: 副斜井井口130分站
    → 原因: CODE_MISMATCH 最佳候选: 副斜井 (score=-20)
  YJMDTBMY10120014F00: 副斜井井底车场130分站
    → 原因: CODE_MISMATCH 最佳候选: 副斜井 (score=-10)
  YJMDTBMY10120015F00: 主扇通风机房130分站
    → 原因: AREA_SURFACE
  YJMDTBMY10120016F00: 胶带石门130分站
    → 原因: CODE_MISMATCH 最佳候选: 中央胶带大巷 (score=-17)
  YJMDTBMY10120017F00: 轨道石门130分站
    → 原因: CODE_MISMATCH 最佳候选: 管子道 (score=-17)
  YJMDTBMY10120107: 主井口风速
    → 原因: SEMANTIC_CONFLICT 最佳候选: 主水仓 (score=-7)
  YJMDTBMY10120185: 副井口风速
    → 原因: SEMANTIC_CONFLICT 最佳候选: 主斜井 (score=-7)
  YJMDTBMY10120202F00: 集控楼三楼1#130分站
    → 原因: CODE_MISMATCH 最佳候选: 1105进风巷 (score=-19)
  YJMDTBMY10120203F00: 集控楼三楼2#130分站
    → 原因: CODE_MISMATCH 最佳候选: 1105进风巷 (score=-19)
    ...及其他 399 台

【Sensor Type 匹配率】
  工业视频: 40/371 = 10.8%
  一氧化碳: 13/23 = 56.5%
  瓦斯: 10/20 = 50.0%
  烟雾: 8/18 = 44.4%
  人数: 7/17 = 41.2%
  馈电: 3/14 = 21.4%
  断电: 3/14 = 21.4%
  开停: 8/11 = 72.7%
  分站: 0/8 = 0.0%
  温度: 5/5 = 100.0%
  风筒: 4/4 = 100.0%
  风速: 1/3 = 33.3%
  粉尘: 3/3 = 100.0%
  负压: 0/2 = 0.0%
  湿度: 1/1 = 100.0%
  比率: 0/1 = 0.0%

【空间分布】
  沿线百分比: 0-20%=75  20-40%=3  40-60%=3  60-80%=0  80-100%=25
  坐标范围: X=[32549439.98, 32552250.98]  Y=[4619824.11, 4622026.16]  Z=[1631.8, 1934.1]

============================================================
  审查摘要
============================================================
  ⚠ 高风险匹配: 0 (短名称依赖=0, 编码不一致=0, 语义冲突被绕过=0)
  ℹ 中风险匹配: 0 (功能词漂移=0)
  (无风险项)

  ⏸ 匹配完成，等待确认后回写（使用 --writeback 或再次运行回写）
